=== Ex 5.3 Nonlinear |y|y·U paper_cfg total_time=10.0 ===
  cA=1.0 vA=1e-10 vB=20.0 (uA=vA uB=vB) noise=0.05
  max_inner=5 forget=0.6 tol=0.1 lowrank=BFG
  mesh: fine 3187 tri / coarse 1566 tri
[run_idsm_parabolic] fine=1651 pts / coarse=824 pts
  total_time=10.0 delta_t=0.1 forward_dt=0.02
  synthesize done: y_data shape=(501, 1, 1651) range=[-1.158,3.999]
  seg   0 t= 0.100 n_inner=  2 resid=0.0586 σ∈[1.000,1.000] IoU=0.000
  seg   1 t= 0.200 n_inner=  1 resid=0.0490 σ∈[1.000,1.000] IoU=0.000
  seg   2 t= 0.300 n_inner=  1 resid=0.0428 σ∈[1.000,1.000] IoU=0.000
  seg   3 t= 0.400 n_inner=  1 resid=0.0387 σ∈[1.000,1.000] IoU=0.000
  seg   4 t= 0.500 n_inner=  1 resid=0.0371 σ∈[1.000,1.000] IoU=0.271
  seg   5 t= 0.600 n_inner=  1 resid=0.0441 σ∈[1.000,1.000] IoU=0.000
  seg   6 t= 0.700 n_inner=  1 resid=0.0380 σ∈[1.000,1.000] IoU=0.397
  seg   7 t= 0.800 n_inner=  1 resid=0.0537 σ∈[1.000,1.000] IoU=0.000
  seg   8 t= 0.900 n_inner=  1 resid=0.0451 σ∈[1.000,1.000] IoU=0.392
  seg   9 t= 1.000 n_inner=  1 resid=0.0578 σ∈[1.000,1.000] IoU=0.307
  seg  10 t= 1.100 n_inner=  1 resid=0.0566 σ∈[1.000,1.000] IoU=0.362
  seg  11 t= 1.200 n_inner=  1 resid=0.0758 σ∈[1.000,1.000] IoU=0.329
  seg  12 t= 1.300 n_inner=  1 resid=0.0873 σ∈[1.000,1.000] IoU=0.306
  seg  13 t= 1.400 n_inner=  5 resid=0.1114 σ∈[1.000,1.000] IoU=0.281
  seg  14 t= 1.500 n_inner=  5 resid=0.1194 σ∈[1.000,1.000] IoU=0.272
  seg  15 t= 1.600 n_inner=  5 resid=0.1139 σ∈[1.000,1.000] IoU=0.265
  seg  16 t= 1.700 n_inner=  1 resid=0.0851 σ∈[1.000,1.000] IoU=0.272
  seg  17 t= 1.800 n_inner=  5 resid=0.1327 σ∈[1.000,1.000] IoU=0.245
  seg  18 t= 1.900 n_inner=  5 resid=0.1465 σ∈[1.000,1.000] IoU=0.235
  seg  19 t= 2.000 n_inner=  5 resid=0.1532 σ∈[1.000,1.000] IoU=0.226
  seg  20 t= 2.100 n_inner=  5 resid=0.1446 σ∈[1.000,1.000] IoU=0.241
  seg  21 t= 2.200 n_inner=  5 resid=0.1426 σ∈[1.000,1.000] IoU=0.228
  seg  22 t= 2.300 n_inner=  5 resid=0.1427 σ∈[1.000,1.000] IoU=0.232
  seg  23 t= 2.400 n_inner=  5 resid=0.1264 σ∈[1.000,1.000] IoU=0.248
  seg  24 t= 2.500 n_inner=  5 resid=0.1218 σ∈[1.000,1.000] IoU=0.230
  seg  25 t= 2.600 n_inner=  5 resid=0.1159 σ∈[1.000,1.000] IoU=0.256
  seg  26 t= 2.700 n_inner=  5 resid=0.1069 σ∈[1.000,1.000] IoU=0.259
  seg  27 t= 2.800 n_inner=  1 resid=0.0992 σ∈[1.000,1.000] IoU=0.245
  seg  28 t= 2.900 n_inner=  1 resid=0.0919 σ∈[1.000,1.000] IoU=0.505
  seg  29 t= 3.000 n_inner=  1 resid=0.0533 σ∈[1.000,1.000] IoU=0.000
  seg  30 t= 3.100 n_inner=  1 resid=0.0411 σ∈[1.000,1.000] IoU=0.320
  seg  31 t= 3.200 n_inner=  1 resid=0.0416 σ∈[1.000,1.000] IoU=0.000
  seg  32 t= 3.300 n_inner=  1 resid=0.0265 σ∈[1.000,1.000] IoU=0.076
  seg  33 t= 3.400 n_inner=  1 resid=0.0404 σ∈[1.000,1.000] IoU=0.000
  seg  34 t= 3.500 n_inner=  1 resid=0.0303 σ∈[1.000,1.000] IoU=0.000
  seg  35 t= 3.600 n_inner=  1 resid=0.0344 σ∈[1.000,1.000] IoU=0.000
  seg  36 t= 3.700 n_inner=  1 resid=0.0342 σ∈[1.000,1.000] IoU=0.073
  seg  37 t= 3.800 n_inner=  5 resid=0.1361 σ∈[1.000,1.000] IoU=0.000
  seg  38 t= 3.900 n_inner=  5 resid=0.1831 σ∈[1.000,1.000] IoU=0.035
  seg  39 t= 4.000 n_inner=  5 resid=0.2304 σ∈[1.000,1.000] IoU=0.018
  seg  40 t= 4.100 n_inner=  5 resid=0.2261 σ∈[1.000,1.000] IoU=0.000
  seg  41 t= 4.200 n_inner=  5 resid=0.1854 σ∈[1.000,1.000] IoU=0.000
  seg  42 t= 4.300 n_inner=  5 resid=0.1396 σ∈[1.000,1.000] IoU=0.000
  seg  43 t= 4.400 n_inner=  5 resid=0.1076 σ∈[1.000,1.000] IoU=0.000
  seg  44 t= 4.500 n_inner=  1 resid=0.0964 σ∈[1.000,1.000] IoU=0.000
  seg  45 t= 4.600 n_inner=  1 resid=0.0490 σ∈[1.000,1.000] IoU=0.174
  seg  46 t= 4.700 n_inner=  1 resid=0.0766 σ∈[1.000,1.000] IoU=0.000
  seg  47 t= 4.800 n_inner=  1 resid=0.0821 σ∈[1.000,1.000] IoU=0.000
  seg  48 t= 4.900 n_inner=  1 resid=0.0828 σ∈[1.000,1.000] IoU=0.125
  seg  49 t= 5.000 n_inner=  5 resid=0.1240 σ∈[1.000,1.000] IoU=0.000
  seg  50 t= 5.100 n_inner=  1 resid=0.0603 σ∈[1.000,1.000] IoU=0.237
  seg  51 t= 5.200 n_inner=  2 resid=0.0994 σ∈[1.000,1.000] IoU=0.238
  seg  52 t= 5.300 n_inner=  1 resid=0.0950 σ∈[1.000,1.000] IoU=0.123
  seg  53 t= 5.400 n_inner=  1 resid=0.0960 σ∈[1.000,1.000] IoU=0.114
  seg  54 t= 5.500 n_inner=  1 resid=0.0754 σ∈[1.000,1.000] IoU=0.099
  seg  55 t= 5.600 n_inner=  1 resid=0.0705 σ∈[1.000,1.000] IoU=0.099
  seg  56 t= 5.700 n_inner=  1 resid=0.0603 σ∈[1.000,1.000] IoU=0.107
  seg  57 t= 5.800 n_inner=  1 resid=0.0479 σ∈[1.000,1.000] IoU=0.119
  seg  58 t= 5.900 n_inner=  1 resid=0.0462 σ∈[1.000,1.000] IoU=0.112
  seg  59 t= 6.000 n_inner=  1 resid=0.0523 σ∈[1.000,1.000] IoU=0.106
  seg  60 t= 6.100 n_inner=  1 resid=0.0573 σ∈[1.000,1.000] IoU=0.106
  seg  61 t= 6.200 n_inner=  1 resid=0.0618 σ∈[1.000,1.000] IoU=0.105
  seg  62 t= 6.300 n_inner=  1 resid=0.0696 σ∈[1.000,1.000] IoU=0.103
  seg  63 t= 6.400 n_inner=  1 resid=0.0669 σ∈[1.000,1.000] IoU=0.099
  seg  64 t= 6.500 n_inner=  1 resid=0.0754 σ∈[1.000,1.000] IoU=0.092
  seg  65 t= 6.600 n_inner=  1 resid=0.0751 σ∈[1.000,1.000] IoU=0.100
  seg  66 t= 6.700 n_inner=  1 resid=0.0752 σ∈[1.000,1.000] IoU=0.091
  seg  67 t= 6.800 n_inner=  1 resid=0.0734 σ∈[1.000,1.000] IoU=0.087
  seg  68 t= 6.900 n_inner=  1 resid=0.0829 σ∈[1.000,1.000] IoU=0.073
  seg  69 t= 7.000 n_inner=  1 resid=0.0949 σ∈[1.000,1.000] IoU=0.061
  seg  70 t= 7.100 n_inner=  1 resid=0.0884 σ∈[1.000,1.000] IoU=0.051
  seg  71 t= 7.200 n_inner=  5 resid=0.1088 σ∈[1.000,1.000] IoU=0.042
  seg  72 t= 7.300 n_inner=  5 resid=0.1275 σ∈[1.000,1.000] IoU=0.038
  seg  73 t= 7.400 n_inner=  5 resid=0.1880 σ∈[1.000,1.000] IoU=0.057
  seg  74 t= 7.500 n_inner=  5 resid=0.2443 σ∈[1.000,1.000] IoU=0.075
  seg  75 t= 7.600 n_inner=  5 resid=0.2021 σ∈[1.000,1.000] IoU=0.078
  seg  76 t= 7.700 n_inner=  5 resid=0.1211 σ∈[1.000,1.000] IoU=0.135
  seg  77 t= 7.800 n_inner=  1 resid=0.0669 σ∈[1.000,1.000] IoU=0.013
  seg  78 t= 7.900 n_inner=  1 resid=0.0449 σ∈[1.000,1.000] IoU=0.262
  seg  79 t= 8.000 n_inner=  1 resid=0.0422 σ∈[1.000,1.000] IoU=0.280
  seg  80 t= 8.100 n_inner=  1 resid=0.0322 σ∈[1.000,1.000] IoU=0.368
  seg  81 t= 8.200 n_inner=  1 resid=0.0383 σ∈[1.000,1.000] IoU=0.436
  seg  82 t= 8.300 n_inner=  1 resid=0.0467 σ∈[1.000,1.000] IoU=0.307
  seg  83 t= 8.400 n_inner=  1 resid=0.0692 σ∈[1.000,1.000] IoU=0.188
  seg  84 t= 8.500 n_inner=  1 resid=0.0860 σ∈[1.000,1.000] IoU=0.122
  seg  85 t= 8.600 n_inner=  5 resid=0.1142 σ∈[1.000,1.000] IoU=0.120
  seg  86 t= 8.700 n_inner=  5 resid=0.1307 σ∈[1.000,1.000] IoU=0.121
  seg  87 t= 8.800 n_inner=  1 resid=0.0947 σ∈[1.000,1.000] IoU=0.200
  seg  88 t= 8.900 n_inner=  5 resid=0.1526 σ∈[1.000,1.000] IoU=0.000
  seg  89 t= 9.000 n_inner=  5 resid=0.2016 σ∈[1.000,1.000] IoU=0.128
  seg  90 t= 9.100 n_inner=  5 resid=0.3414 σ∈[1.000,1.000] IoU=0.052
  seg  91 t= 9.200 n_inner=  5 resid=0.3595 σ∈[1.000,1.000] IoU=0.068
  seg  92 t= 9.300 n_inner=  5 resid=0.2332 σ∈[1.000,1.000] IoU=0.038
  seg  93 t= 9.400 n_inner=  5 resid=0.2196 σ∈[1.000,1.000] IoU=0.047
  seg  94 t= 9.500 n_inner=  5 resid=0.3402 σ∈[1.000,1.000] IoU=0.048
  seg  95 t= 9.600 n_inner=  5 resid=0.3623 σ∈[1.000,1.000] IoU=0.006
  seg  96 t= 9.700 n_inner=  5 resid=0.2897 σ∈[1.000,1.000] IoU=0.057
  seg  97 t= 9.800 n_inner=  5 resid=0.3152 σ∈[1.000,1.000] IoU=0.036
  seg  98 t= 9.900 n_inner=  5 resid=0.2485 σ∈[1.000,1.000] IoU=0.060
  seg  99 t=10.000 n_inner=  5 resid=0.3172 σ∈[1.000,1.000] IoU=0.050

=== done in 1.3 min ===
segments      : 100
IoU mean      : 0.1318
IoU max       : 0.5046 @ seg 28
IoU final     : 0.0504
IoU mean last20: 0.1227
segs IoU>=0.3 : 11/100
segs IoU>=0.5 : 1/100
n_inner mean  : 2.66 (paper Table 1 says 7.46)
-> /data1/liulingfeng/cooperation/ghy/IDSM/results/parabolic_fixed/ex_5_3_paper_T10.npz
